[2026-03-05 10:31:42] local.ERROR: There are no commands defined in the "breeze" namespace. {"exception":"[object] (Symfony\\Component\\Console\\Exception\\NamespaceNotFoundException(code: 0): There are no commands defined in the \"breeze\" namespace. at C:/Bangpen's collage/Semester 6/PDPL/ManagemenKos/PDPL_ManajemenKos/vendor/symfony/console/Application.php:694)
[stacktrace]
#0 C:/Bangpen's collage/Semester 6/PDPL/ManagemenKos/PDPL_ManajemenKos/vendor/symfony/console/Application.php(743): Symfony/Component/Console/Application->findNamespace('breeze')
#1 C:/Bangpen's collage/Semester 6/PDPL/ManagemenKos/PDPL_ManajemenKos/vendor/symfony/console/Application.php(298): Symfony/Component/Console/Application->find('breeze:install')
#2 C:/Bangpen's collage/Semester 6/PDPL/ManagemenKos/PDPL_ManajemenKos/vendor/symfony/console/Application.php(195): Symfony/Component/Console/Application->doRun(Object(Symfony/Component/Console/Input/ArgvInput), Object(Symfony/Component/Console/Output/ConsoleOutput))
#3 C:/Bangpen's collage/Semester 6/PDPL/ManagemenKos/PDPL_ManajemenKos/vendor/laravel/framework/src/Illuminate/Foundation/Console/Kernel.php(198): Symfony/Component/Console/Application->run(Object(Symfony/Component/Console/Input/ArgvInput), Object(Symfony/Component/Console/Output/ConsoleOutput))
#4 C:/Bangpen's collage/Semester 6/PDPL/ManagemenKos/PDPL_ManajemenKos/vendor/laravel/framework/src/Illuminate/Foundation/Application.php(1235): Illuminate/Foundation/Console/Kernel->handle(Object(Symfony/Component/Console/Input/ArgvInput), Object(Symfony/Component/Console/Output/ConsoleOutput))
#5 C:/Bangpen's collage/Semester 6/PDPL/ManagemenKos/PDPL_ManajemenKos/artisan(16): Illuminate/Foundation/Application->handleCommand(Object(Symfony/Component/Console/Input/ArgvInput))
#6 {main}
"} 
[2026-03-05 10:31:45] local.ERROR: There are no commands defined in the "breeze" namespace. {"exception":"[object] (Symfony\\Component\\Console\\Exception\\NamespaceNotFoundException(code: 0): There are no commands defined in the \"breeze\" namespace. at C:/Bangpen's collage/Semester 6/PDPL/ManagemenKos/PDPL_ManajemenKos/vendor/symfony/console/Application.php:694)
[stacktrace]
#0 C:/Bangpen's collage/Semester 6/PDPL/ManagemenKos/PDPL_ManajemenKos/vendor/symfony/console/Application.php(743): Symfony/Component/Console/Application->findNamespace('breeze')
#1 C:/Bangpen's collage/Semester 6/PDPL/ManagemenKos/PDPL_ManajemenKos/vendor/symfony/console/Application.php(298): Symfony/Component/Console/Application->find('breeze:install')
#2 C:/Bangpen's collage/Semester 6/PDPL/ManagemenKos/PDPL_ManajemenKos/vendor/symfony/console/Application.php(195): Symfony/Component/Console/Application->doRun(Object(Symfony/Component/Console/Input/ArgvInput), Object(Symfony/Component/Console/Output/ConsoleOutput))
#3 C:/Bangpen's collage/Semester 6/PDPL/ManagemenKos/PDPL_ManajemenKos/vendor/laravel/framework/src/Illuminate/Foundation/Console/Kernel.php(198): Symfony/Component/Console/Application->run(Object(Symfony/Component/Console/Input/ArgvInput), Object(Symfony/Component/Console/Output/ConsoleOutput))
#4 C:/Bangpen's collage/Semester 6/PDPL/ManagemenKos/PDPL_ManajemenKos/vendor/laravel/framework/src/Illuminate/Foundation/Application.php(1235): Illuminate/Foundation/Console/Kernel->handle(Object(Symfony/Component/Console/Input/ArgvInput), Object(Symfony/Component/Console/Output/ConsoleOutput))
#5 C:/Bangpen's collage/Semester 6/PDPL/ManagemenKos/PDPL_ManajemenKos/artisan(16): Illuminate/Foundation/Application->handleCommand(Object(Symfony/Component/Console/Input/ArgvInput))
#6 {main}
"} 
[2026-03-05 10:32:01] local.ERROR: There are no commands defined in the "breeze" namespace. {"exception":"[object] (Symfony\\Component\\Console\\Exception\\NamespaceNotFoundException(code: 0): There are no commands defined in the \"breeze\" namespace. at C:/Bangpen's collage/Semester 6/PDPL/ManagemenKos/PDPL_ManajemenKos/vendor/symfony/console/Application.php:694)
[stacktrace]
#0 C:/Bangpen's collage/Semester 6/PDPL/ManagemenKos/PDPL_ManajemenKos/vendor/symfony/console/Application.php(743): Symfony/Component/Console/Application->findNamespace('breeze')
#1 C:/Bangpen's collage/Semester 6/PDPL/ManagemenKos/PDPL_ManajemenKos/vendor/symfony/console/Application.php(298): Symfony/Component/Console/Application->find('breeze:install')
#2 C:/Bangpen's collage/Semester 6/PDPL/ManagemenKos/PDPL_ManajemenKos/vendor/symfony/console/Application.php(195): Symfony/Component/Console/Application->doRun(Object(Symfony/Component/Console/Input/ArgvInput), Object(Symfony/Component/Console/Output/ConsoleOutput))
#3 C:/Bangpen's collage/Semester 6/PDPL/ManagemenKos/PDPL_ManajemenKos/vendor/laravel/framework/src/Illuminate/Foundation/Console/Kernel.php(198): Symfony/Component/Console/Application->run(Object(Symfony/Component/Console/Input/ArgvInput), Object(Symfony/Component/Console/Output/ConsoleOutput))
#4 C:/Bangpen's collage/Semester 6/PDPL/ManagemenKos/PDPL_ManajemenKos/vendor/laravel/framework/src/Illuminate/Foundation/Application.php(1235): Illuminate/Foundation/Console/Kernel->handle(Object(Symfony/Component/Console/Input/ArgvInput), Object(Symfony/Component/Console/Output/ConsoleOutput))
#5 C:/Bangpen's collage/Semester 6/PDPL/ManagemenKos/PDPL_ManajemenKos/artisan(16): Illuminate/Foundation/Application->handleCommand(Object(Symfony/Component/Console/Input/ArgvInput))
#6 {main}
"} 
[2026-03-05 10:32:19] local.ERROR: There are no commands defined in the "breeze" namespace. {"exception":"[object] (Symfony\\Component\\Console\\Exception\\NamespaceNotFoundException(code: 0): There are no commands defined in the \"breeze\" namespace. at C:/Bangpen's collage/Semester 6/PDPL/ManagemenKos/PDPL_ManajemenKos/vendor/symfony/console/Application.php:694)
[stacktrace]
#0 C:/Bangpen's collage/Semester 6/PDPL/ManagemenKos/PDPL_ManajemenKos/vendor/symfony/console/Application.php(743): Symfony/Component/Console/Application->findNamespace('breeze')
#1 C:/Bangpen's collage/Semester 6/PDPL/ManagemenKos/PDPL_ManajemenKos/vendor/symfony/console/Application.php(298): Symfony/Component/Console/Application->find('breeze:install')
#2 C:/Bangpen's collage/Semester 6/PDPL/ManagemenKos/PDPL_ManajemenKos/vendor/symfony/console/Application.php(195): Symfony/Component/Console/Application->doRun(Object(Symfony/Component/Console/Input/ArgvInput), Object(Symfony/Component/Console/Output/ConsoleOutput))
#3 C:/Bangpen's collage/Semester 6/PDPL/ManagemenKos/PDPL_ManajemenKos/vendor/laravel/framework/src/Illuminate/Foundation/Console/Kernel.php(198): Symfony/Component/Console/Application->run(Object(Symfony/Component/Console/Input/ArgvInput), Object(Symfony/Component/Console/Output/ConsoleOutput))
#4 C:/Bangpen's collage/Semester 6/PDPL/ManagemenKos/PDPL_ManajemenKos/vendor/laravel/framework/src/Illuminate/Foundation/Application.php(1235): Illuminate/Foundation/Console/Kernel->handle(Object(Symfony/Component/Console/Input/ArgvInput), Object(Symfony/Component/Console/Output/ConsoleOutput))
#5 C:/Bangpen's collage/Semester 6/PDPL/ManagemenKos/PDPL_ManajemenKos/artisan(16): Illuminate/Foundation/Application->handleCommand(Object(Symfony/Component/Console/Input/ArgvInput))
#6 {main}
"} 
[2026-03-05 10:32:26] local.ERROR: There are no commands defined in the "breeze" namespace. {"exception":"[object] (Symfony\\Component\\Console\\Exception\\NamespaceNotFoundException(code: 0): There are no commands defined in the \"breeze\" namespace. at C:/Bangpen's collage/Semester 6/PDPL/ManagemenKos/PDPL_ManajemenKos/vendor/symfony/console/Application.php:694)
[stacktrace]
#0 C:/Bangpen's collage/Semester 6/PDPL/ManagemenKos/PDPL_ManajemenKos/vendor/symfony/console/Application.php(743): Symfony/Component/Console/Application->findNamespace('breeze')
#1 C:/Bangpen's collage/Semester 6/PDPL/ManagemenKos/PDPL_ManajemenKos/vendor/symfony/console/Application.php(298): Symfony/Component/Console/Application->find('breeze:install')
#2 C:/Bangpen's collage/Semester 6/PDPL/ManagemenKos/PDPL_ManajemenKos/vendor/symfony/console/Application.php(195): Symfony/Component/Console/Application->doRun(Object(Symfony/Component/Console/Input/ArgvInput), Object(Symfony/Component/Console/Output/ConsoleOutput))
#3 C:/Bangpen's collage/Semester 6/PDPL/ManagemenKos/PDPL_ManajemenKos/vendor/laravel/framework/src/Illuminate/Foundation/Console/Kernel.php(198): Symfony/Component/Console/Application->run(Object(Symfony/Component/Console/Input/ArgvInput), Object(Symfony/Component/Console/Output/ConsoleOutput))
#4 C:/Bangpen's collage/Semester 6/PDPL/ManagemenKos/PDPL_ManajemenKos/vendor/laravel/framework/src/Illuminate/Foundation/Application.php(1235): Illuminate/Foundation/Console/Kernel->handle(Object(Symfony/Component/Console/Input/ArgvInput), Object(Symfony/Component/Console/Output/ConsoleOutput))
#5 C:/Bangpen's collage/Semester 6/PDPL/ManagemenKos/PDPL_ManajemenKos/artisan(16): Illuminate/Foundation/Application->handleCommand(Object(Symfony/Component/Console/Input/ArgvInput))
#6 {main}
"} 
